// Vitest Snapshot v1, https://vitest.dev/guide/snapshot.html

exports[`FirstStepsApp > should match snapshot 1`] = `
<div
  data-testid="FSA-div"
>
  <h1>
    Carrito de compras
  </h1>
  <div
    data-testid="itemCounter"
  />
  <div
    data-testid="itemCounter"
  />
  <div
    data-testid="itemCounter"
  />
</div>
`;
